Input: file:/etc/hosts
asString: ://
isValid: false
protocol: 
host: 
port: 
path: 
