Input: ftp://localhost/pfad/1/2/
asString: ftp://localhost/pfad/1/2/
isValid: true
protocol: ftp
host: localhost
port: 
path: /pfad/1/2/
