Input: ftp://localhost:/
asString: ftp://localhost/
isValid: true
protocol: ftp
host: localhost
port: 
path: /
