Input: ftp:///
asString: ftp:///
isValid: true
isLocal: true
protocol: ftp
host: 
port: -1
path: /
options: 
