Input: ftp://user@host:21/
asString: ftp://user@host:21/
isValid: true
protocol: ftp
host: host
port: 21
path: /
