Input: ftp://user:pw@host/
asString: ftp://user:PASSWORD@host/
isValid: true
protocol: ftp
host: host
port: 
path: /
