Input: ftp://user:pw@host:21/pub;type=b
asString: ftp://user:PASSWORD@host:21/pub;type=b
isValid: true
protocol: ftp
host: host
port: 21
path: /pub
