Input: ftp://user:pw@host:21/pub;type=b;proxyuser=blubpassword=nix
asString: ftp://user:PASSWORD@host:21/pub;proxyuser=blubpassword=nix;type=b
isValid: true
protocol: ftp
host: host
port: 21
path: /pub
