Input: ftp:
asString: ://
isValid: false
protocol: 
host: 
port: 
path: 
