Input: ://localhost/
asString: ://
isValid: false
protocol: 
host: 
port: 
path: 
