Input: ftp://localhost
asString: ftp://localhost
isValid: true
isLocal: false
protocol: ftp
host: localhost
port: -1
path: 
options: 
