Input: ftp://:pw@host/
asString: ://
isValid: false
isLocal: true
protocol: 
host: 
port: -1
path: 
options: 
