Input: ftp://:21/
asString: ://
isValid: false
isLocal: true
protocol: 
host: 
port: -1
path: 
options: 
