Input: file:relative/path/to/file
asString: file:relative/path/to/file
isValid: true
isLocal: true
protocol: file
host: 
port: -1
path: relative/path/to/file
options: 
