Input: nfs://myserver/path/on/server
asString: nfs://myserver/path/on/server
isValid: true
isLocal: false
protocol: nfs
host: myserver
port: -1
path: /path/on/server
options: 
